  Determining projects to restore...
  All projects are up-to-date for restore.
  medicalobservershipV1.Client -> D:\medicalobvershipV1\medicalobservershipV1\medicalobservershipV1.Client\bin\Debug\net8.0\medicalobservershipV1.Client.dll
  medicalobservershipV1.Client (Blazor output) -> D:\medicalobvershipV1\medicalobservershipV1\medicalobservershipV1.Client\bin\Debug\net8.0\wwwroot
C:\Program Files\dotnet\sdk\8.0.401\Microsoft.Common.CurrentVersion.targets(5321,5): warning MSB3026: Could not copy "D:\medicalobvershipV1\medicalobservershipV1\medicalobservershipV1\obj\Debug\net8.0\apphost.exe" to "bin\Debug\net8.0\medicalobservershipV1.exe". Beginning retry 1 in 1000ms. The process cannot access the file 'D:\medicalobvershipV1\medicalobservershipV1\medicalobservershipV1\bin\Debug\net8.0\medicalobservershipV1.exe' because it is being used by another process. The file is locked by: "medicalobservershipV1 (30800)" [D:\medicalobvershipV1\medicalobservershipV1\medicalobservershipV1\medicalobservershipV1.csproj]
C:\Program Files\dotnet\sdk\8.0.401\Microsoft.Common.CurrentVersion.targets(5321,5): warning MSB3026: Could not copy "D:\medicalobvershipV1\medicalobservershipV1\medicalobservershipV1\obj\Debug\net8.0\apphost.exe" to "bin\Debug\net8.0\medicalobservershipV1.exe". Beginning retry 2 in 1000ms. The process cannot access the file 'D:\medicalobvershipV1\medicalobservershipV1\medicalobservershipV1\bin\Debug\net8.0\medicalobservershipV1.exe' because it is being used by another process. The file is locked by: "medicalobservershipV1 (30800)" [D:\medicalobvershipV1\medicalobservershipV1\medicalobservershipV1\medicalobservershipV1.csproj]
C:\Program Files\dotnet\sdk\8.0.401\Microsoft.Common.CurrentVersion.targets(5321,5): warning MSB3026: Could not copy "D:\medicalobvershipV1\medicalobservershipV1\medicalobservershipV1\obj\Debug\net8.0\apphost.exe" to "bin\Debug\net8.0\medicalobservershipV1.exe". Beginning retry 3 in 1000ms. The process cannot access the file 'D:\medicalobvershipV1\medicalobservershipV1\medicalobservershipV1\bin\Debug\net8.0\medicalobservershipV1.exe' because it is being used by another process. The file is locked by: "medicalobservershipV1 (30800)" [D:\medicalobvershipV1\medicalobservershipV1\medicalobservershipV1\medicalobservershipV1.csproj]
C:\Program Files\dotnet\sdk\8.0.401\Microsoft.Common.CurrentVersion.targets(5321,5): warning MSB3026: Could not copy "D:\medicalobvershipV1\medicalobservershipV1\medicalobservershipV1\obj\Debug\net8.0\apphost.exe" to "bin\Debug\net8.0\medicalobservershipV1.exe". Beginning retry 4 in 1000ms. The process cannot access the file 'D:\medicalobvershipV1\medicalobservershipV1\medicalobservershipV1\bin\Debug\net8.0\medicalobservershipV1.exe' because it is being used by another process. The file is locked by: "medicalobservershipV1 (30800)" [D:\medicalobvershipV1\medicalobservershipV1\medicalobservershipV1\medicalobservershipV1.csproj]
C:\Program Files\dotnet\sdk\8.0.401\Microsoft.Common.CurrentVersion.targets(5321,5): warning MSB3026: Could not copy "D:\medicalobvershipV1\medicalobservershipV1\medicalobservershipV1\obj\Debug\net8.0\apphost.exe" to "bin\Debug\net8.0\medicalobservershipV1.exe". Beginning retry 5 in 1000ms. The process cannot access the file 'D:\medicalobvershipV1\medicalobservershipV1\medicalobservershipV1\bin\Debug\net8.0\medicalobservershipV1.exe' because it is being used by another process. The file is locked by: "medicalobservershipV1 (30800)" [D:\medicalobvershipV1\medicalobservershipV1\medicalobservershipV1\medicalobservershipV1.csproj]
C:\Program Files\dotnet\sdk\8.0.401\Microsoft.Common.CurrentVersion.targets(5321,5): warning MSB3026: Could not copy "D:\medicalobvershipV1\medicalobservershipV1\medicalobservershipV1\obj\Debug\net8.0\apphost.exe" to "bin\Debug\net8.0\medicalobservershipV1.exe". Beginning retry 6 in 1000ms. The process cannot access the file 'D:\medicalobvershipV1\medicalobservershipV1\medicalobservershipV1\bin\Debug\net8.0\medicalobservershipV1.exe' because it is being used by another process. The file is locked by: "medicalobservershipV1 (30800)" [D:\medicalobvershipV1\medicalobservershipV1\medicalobservershipV1\medicalobservershipV1.csproj]
C:\Program Files\dotnet\sdk\8.0.401\Microsoft.Common.CurrentVersion.targets(5321,5): warning MSB3026: Could not copy "D:\medicalobvershipV1\medicalobservershipV1\medicalobservershipV1\obj\Debug\net8.0\apphost.exe" to "bin\Debug\net8.0\medicalobservershipV1.exe". Beginning retry 7 in 1000ms. The process cannot access the file 'D:\medicalobvershipV1\medicalobservershipV1\medicalobservershipV1\bin\Debug\net8.0\medicalobservershipV1.exe' because it is being used by another process. The file is locked by: "medicalobservershipV1 (30800)" [D:\medicalobvershipV1\medicalobservershipV1\medicalobservershipV1\medicalobservershipV1.csproj]
C:\Program Files\dotnet\sdk\8.0.401\Microsoft.Common.CurrentVersion.targets(5321,5): warning MSB3026: Could not copy "D:\medicalobvershipV1\medicalobservershipV1\medicalobservershipV1\obj\Debug\net8.0\apphost.exe" to "bin\Debug\net8.0\medicalobservershipV1.exe". Beginning retry 8 in 1000ms. The process cannot access the file 'D:\medicalobvershipV1\medicalobservershipV1\medicalobservershipV1\bin\Debug\net8.0\medicalobservershipV1.exe' because it is being used by another process. The file is locked by: "medicalobservershipV1 (30800)" [D:\medicalobvershipV1\medicalobservershipV1\medicalobservershipV1\medicalobservershipV1.csproj]
C:\Program Files\dotnet\sdk\8.0.401\Microsoft.Common.CurrentVersion.targets(5321,5): warning MSB3026: Could not copy "D:\medicalobvershipV1\medicalobservershipV1\medicalobservershipV1\obj\Debug\net8.0\apphost.exe" to "bin\Debug\net8.0\medicalobservershipV1.exe". Beginning retry 9 in 1000ms. The process cannot access the file 'D:\medicalobvershipV1\medicalobservershipV1\medicalobservershipV1\bin\Debug\net8.0\medicalobservershipV1.exe' because it is being used by another process. The file is locked by: "medicalobservershipV1 (30800)" [D:\medicalobvershipV1\medicalobservershipV1\medicalobservershipV1\medicalobservershipV1.csproj]
C:\Program Files\dotnet\sdk\8.0.401\Microsoft.Common.CurrentVersion.targets(5321,5): warning MSB3026: Could not copy "D:\medicalobvershipV1\medicalobservershipV1\medicalobservershipV1\obj\Debug\net8.0\apphost.exe" to "bin\Debug\net8.0\medicalobservershipV1.exe". Beginning retry 10 in 1000ms. The process cannot access the file 'D:\medicalobvershipV1\medicalobservershipV1\medicalobservershipV1\bin\Debug\net8.0\medicalobservershipV1.exe' because it is being used by another process. The file is locked by: "medicalobservershipV1 (30800)" [D:\medicalobvershipV1\medicalobservershipV1\medicalobservershipV1\medicalobservershipV1.csproj]
C:\Program Files\dotnet\sdk\8.0.401\Microsoft.Common.CurrentVersion.targets(5321,5): error MSB3027: Could not copy "D:\medicalobvershipV1\medicalobservershipV1\medicalobservershipV1\obj\Debug\net8.0\apphost.exe" to "bin\Debug\net8.0\medicalobservershipV1.exe". Exceeded retry count of 10. Failed. The file is locked by: "medicalobservershipV1 (30800)" [D:\medicalobvershipV1\medicalobservershipV1\medicalobservershipV1\medicalobservershipV1.csproj]
C:\Program Files\dotnet\sdk\8.0.401\Microsoft.Common.CurrentVersion.targets(5321,5): error MSB3021: Unable to copy file "D:\medicalobvershipV1\medicalobservershipV1\medicalobservershipV1\obj\Debug\net8.0\apphost.exe" to "bin\Debug\net8.0\medicalobservershipV1.exe". The process cannot access the file 'D:\medicalobvershipV1\medicalobservershipV1\medicalobservershipV1\bin\Debug\net8.0\medicalobservershipV1.exe' because it is being used by another process. [D:\medicalobvershipV1\medicalobservershipV1\medicalobservershipV1\medicalobservershipV1.csproj]

Build FAILED.

C:\Program Files\dotnet\sdk\8.0.401\Microsoft.Common.CurrentVersion.targets(5321,5): warning MSB3026: Could not copy "D:\medicalobvershipV1\medicalobservershipV1\medicalobservershipV1\obj\Debug\net8.0\apphost.exe" to "bin\Debug\net8.0\medicalobservershipV1.exe". Beginning retry 1 in 1000ms. The process cannot access the file 'D:\medicalobvershipV1\medicalobservershipV1\medicalobservershipV1\bin\Debug\net8.0\medicalobservershipV1.exe' because it is being used by another process. The file is locked by: "medicalobservershipV1 (30800)" [D:\medicalobvershipV1\medicalobservershipV1\medicalobservershipV1\medicalobservershipV1.csproj]
C:\Program Files\dotnet\sdk\8.0.401\Microsoft.Common.CurrentVersion.targets(5321,5): warning MSB3026: Could not copy "D:\medicalobvershipV1\medicalobservershipV1\medicalobservershipV1\obj\Debug\net8.0\apphost.exe" to "bin\Debug\net8.0\medicalobservershipV1.exe". Beginning retry 2 in 1000ms. The process cannot access the file 'D:\medicalobvershipV1\medicalobservershipV1\medicalobservershipV1\bin\Debug\net8.0\medicalobservershipV1.exe' because it is being used by another process. The file is locked by: "medicalobservershipV1 (30800)" [D:\medicalobvershipV1\medicalobservershipV1\medicalobservershipV1\medicalobservershipV1.csproj]
C:\Program Files\dotnet\sdk\8.0.401\Microsoft.Common.CurrentVersion.targets(5321,5): warning MSB3026: Could not copy "D:\medicalobvershipV1\medicalobservershipV1\medicalobservershipV1\obj\Debug\net8.0\apphost.exe" to "bin\Debug\net8.0\medicalobservershipV1.exe". Beginning retry 3 in 1000ms. The process cannot access the file 'D:\medicalobvershipV1\medicalobservershipV1\medicalobservershipV1\bin\Debug\net8.0\medicalobservershipV1.exe' because it is being used by another process. The file is locked by: "medicalobservershipV1 (30800)" [D:\medicalobvershipV1\medicalobservershipV1\medicalobservershipV1\medicalobservershipV1.csproj]
C:\Program Files\dotnet\sdk\8.0.401\Microsoft.Common.CurrentVersion.targets(5321,5): warning MSB3026: Could not copy "D:\medicalobvershipV1\medicalobservershipV1\medicalobservershipV1\obj\Debug\net8.0\apphost.exe" to "bin\Debug\net8.0\medicalobservershipV1.exe". Beginning retry 4 in 1000ms. The process cannot access the file 'D:\medicalobvershipV1\medicalobservershipV1\medicalobservershipV1\bin\Debug\net8.0\medicalobservershipV1.exe' because it is being used by another process. The file is locked by: "medicalobservershipV1 (30800)" [D:\medicalobvershipV1\medicalobservershipV1\medicalobservershipV1\medicalobservershipV1.csproj]
C:\Program Files\dotnet\sdk\8.0.401\Microsoft.Common.CurrentVersion.targets(5321,5): warning MSB3026: Could not copy "D:\medicalobvershipV1\medicalobservershipV1\medicalobservershipV1\obj\Debug\net8.0\apphost.exe" to "bin\Debug\net8.0\medicalobservershipV1.exe". Beginning retry 5 in 1000ms. The process cannot access the file 'D:\medicalobvershipV1\medicalobservershipV1\medicalobservershipV1\bin\Debug\net8.0\medicalobservershipV1.exe' because it is being used by another process. The file is locked by: "medicalobservershipV1 (30800)" [D:\medicalobvershipV1\medicalobservershipV1\medicalobservershipV1\medicalobservershipV1.csproj]
C:\Program Files\dotnet\sdk\8.0.401\Microsoft.Common.CurrentVersion.targets(5321,5): warning MSB3026: Could not copy "D:\medicalobvershipV1\medicalobservershipV1\medicalobservershipV1\obj\Debug\net8.0\apphost.exe" to "bin\Debug\net8.0\medicalobservershipV1.exe". Beginning retry 6 in 1000ms. The process cannot access the file 'D:\medicalobvershipV1\medicalobservershipV1\medicalobservershipV1\bin\Debug\net8.0\medicalobservershipV1.exe' because it is being used by another process. The file is locked by: "medicalobservershipV1 (30800)" [D:\medicalobvershipV1\medicalobservershipV1\medicalobservershipV1\medicalobservershipV1.csproj]
C:\Program Files\dotnet\sdk\8.0.401\Microsoft.Common.CurrentVersion.targets(5321,5): warning MSB3026: Could not copy "D:\medicalobvershipV1\medicalobservershipV1\medicalobservershipV1\obj\Debug\net8.0\apphost.exe" to "bin\Debug\net8.0\medicalobservershipV1.exe". Beginning retry 7 in 1000ms. The process cannot access the file 'D:\medicalobvershipV1\medicalobservershipV1\medicalobservershipV1\bin\Debug\net8.0\medicalobservershipV1.exe' because it is being used by another process. The file is locked by: "medicalobservershipV1 (30800)" [D:\medicalobvershipV1\medicalobservershipV1\medicalobservershipV1\medicalobservershipV1.csproj]
C:\Program Files\dotnet\sdk\8.0.401\Microsoft.Common.CurrentVersion.targets(5321,5): warning MSB3026: Could not copy "D:\medicalobvershipV1\medicalobservershipV1\medicalobservershipV1\obj\Debug\net8.0\apphost.exe" to "bin\Debug\net8.0\medicalobservershipV1.exe". Beginning retry 8 in 1000ms. The process cannot access the file 'D:\medicalobvershipV1\medicalobservershipV1\medicalobservershipV1\bin\Debug\net8.0\medicalobservershipV1.exe' because it is being used by another process. The file is locked by: "medicalobservershipV1 (30800)" [D:\medicalobvershipV1\medicalobservershipV1\medicalobservershipV1\medicalobservershipV1.csproj]
C:\Program Files\dotnet\sdk\8.0.401\Microsoft.Common.CurrentVersion.targets(5321,5): warning MSB3026: Could not copy "D:\medicalobvershipV1\medicalobservershipV1\medicalobservershipV1\obj\Debug\net8.0\apphost.exe" to "bin\Debug\net8.0\medicalobservershipV1.exe". Beginning retry 9 in 1000ms. The process cannot access the file 'D:\medicalobvershipV1\medicalobservershipV1\medicalobservershipV1\bin\Debug\net8.0\medicalobservershipV1.exe' because it is being used by another process. The file is locked by: "medicalobservershipV1 (30800)" [D:\medicalobvershipV1\medicalobservershipV1\medicalobservershipV1\medicalobservershipV1.csproj]
C:\Program Files\dotnet\sdk\8.0.401\Microsoft.Common.CurrentVersion.targets(5321,5): warning MSB3026: Could not copy "D:\medicalobvershipV1\medicalobservershipV1\medicalobservershipV1\obj\Debug\net8.0\apphost.exe" to "bin\Debug\net8.0\medicalobservershipV1.exe". Beginning retry 10 in 1000ms. The process cannot access the file 'D:\medicalobvershipV1\medicalobservershipV1\medicalobservershipV1\bin\Debug\net8.0\medicalobservershipV1.exe' because it is being used by another process. The file is locked by: "medicalobservershipV1 (30800)" [D:\medicalobvershipV1\medicalobservershipV1\medicalobservershipV1\medicalobservershipV1.csproj]
C:\Program Files\dotnet\sdk\8.0.401\Microsoft.Common.CurrentVersion.targets(5321,5): error MSB3027: Could not copy "D:\medicalobvershipV1\medicalobservershipV1\medicalobservershipV1\obj\Debug\net8.0\apphost.exe" to "bin\Debug\net8.0\medicalobservershipV1.exe". Exceeded retry count of 10. Failed. The file is locked by: "medicalobservershipV1 (30800)" [D:\medicalobvershipV1\medicalobservershipV1\medicalobservershipV1\medicalobservershipV1.csproj]
C:\Program Files\dotnet\sdk\8.0.401\Microsoft.Common.CurrentVersion.targets(5321,5): error MSB3021: Unable to copy file "D:\medicalobvershipV1\medicalobservershipV1\medicalobservershipV1\obj\Debug\net8.0\apphost.exe" to "bin\Debug\net8.0\medicalobservershipV1.exe". The process cannot access the file 'D:\medicalobvershipV1\medicalobservershipV1\medicalobservershipV1\bin\Debug\net8.0\medicalobservershipV1.exe' because it is being used by another process. [D:\medicalobvershipV1\medicalobservershipV1\medicalobservershipV1\medicalobservershipV1.csproj]
    10 Warning(s)
    2 Error(s)

Time Elapsed 00:00:17.93
